# serializer version: 1
# name: test_import_to_db[lines0-utf-8-\\s+-datetime_fieldnames0-datetime_formats0-na_values0]
  <QuerySet [<Reading: M(m/s) @ 2015-12-22 00:00:00 = 20.54>, <Reading: D(deg) @ 2015-12-22 00:00:00 = 211.0>, <Reading: SD(m/s) @ 2015-12-22 00:00:00 = 1.22>, <Reading: DSD(deg) @ 2015-12-22 00:00:00 = 0.3>, <Reading: Gust3s(m/s) @ 2015-12-22 00:00:00 = 21.00>, <Reading: T(C) @ 2015-12-22 00:00:00 = 11.9>, <Reading: PRE(hPa) @ 2015-12-22 00:00:00 = 992.8>, <Reading: RiNumber @ 2015-12-22 00:00:00 = 0.15>, <Reading: VertM(m/s) @ 2015-12-22 00:00:00 = 0.18>, <Reading:  @ 2015-12-22 00:00:00 = >, <Reading: M(m/s) @ 2015-12-22 00:10:00 = 21.02>, <Reading: D(deg) @ 2015-12-22 00:10:00 = 212.2>, <Reading: SD(m/s) @ 2015-12-22 00:10:00 = 2.55>, <Reading: DSD(deg) @ 2015-12-22 00:10:00 = 0.6>, <Reading: Gust3s(m/s) @ 2015-12-22 00:10:00 = 21.35>, <Reading: T(C) @ 2015-12-22 00:10:00 = 11.8>, <Reading: PRE(hPa) @ 2015-12-22 00:10:00 = 992.7>, <Reading: RiNumber @ 2015-12-22 00:10:00 = 0.29>, <Reading: VertM(m/s) @ 2015-12-22 00:10:00 = -0.09>]>
# ---
# name: test_yield_readings[lines0-utf-8-\\s+-datetime_fieldnames0-datetime_formats0]
  list([
    dict({
      'reading': '20.54',
      'sensor_name': 'M(m/s)',
      'timestamp': datetime.datetime(2015, 12, 22, 0, 0),
    }),
    dict({
      'reading': '211.0',
      'sensor_name': 'D(deg)',
      'timestamp': datetime.datetime(2015, 12, 22, 0, 0),
    }),
    dict({
      'reading': '1.22',
      'sensor_name': 'SD(m/s)',
      'timestamp': datetime.datetime(2015, 12, 22, 0, 0),
    }),
    dict({
      'reading': '0.3',
      'sensor_name': 'DSD(deg)',
      'timestamp': datetime.datetime(2015, 12, 22, 0, 0),
    }),
    dict({
      'reading': '21.00',
      'sensor_name': 'Gust3s(m/s)',
      'timestamp': datetime.datetime(2015, 12, 22, 0, 0),
    }),
    dict({
      'reading': '11.9',
      'sensor_name': 'T(C)',
      'timestamp': datetime.datetime(2015, 12, 22, 0, 0),
    }),
    dict({
      'reading': '992.8',
      'sensor_name': 'PRE(hPa)',
      'timestamp': datetime.datetime(2015, 12, 22, 0, 0),
    }),
    dict({
      'reading': '0.15',
      'sensor_name': 'RiNumber',
      'timestamp': datetime.datetime(2015, 12, 22, 0, 0),
    }),
    dict({
      'reading': '0.18',
      'sensor_name': 'VertM(m/s)',
      'timestamp': datetime.datetime(2015, 12, 22, 0, 0),
    }),
    dict({
      'reading': '21.02',
      'sensor_name': 'M(m/s)',
      'timestamp': datetime.datetime(2015, 12, 22, 0, 10),
    }),
    dict({
      'reading': '212.2',
      'sensor_name': 'D(deg)',
      'timestamp': datetime.datetime(2015, 12, 22, 0, 10),
    }),
    dict({
      'reading': '2.55',
      'sensor_name': 'SD(m/s)',
      'timestamp': datetime.datetime(2015, 12, 22, 0, 10),
    }),
    dict({
      'reading': '0.6',
      'sensor_name': 'DSD(deg)',
      'timestamp': datetime.datetime(2015, 12, 22, 0, 10),
    }),
    dict({
      'reading': '21.35',
      'sensor_name': 'Gust3s(m/s)',
      'timestamp': datetime.datetime(2015, 12, 22, 0, 10),
    }),
    dict({
      'reading': '11.8',
      'sensor_name': 'T(C)',
      'timestamp': datetime.datetime(2015, 12, 22, 0, 10),
    }),
    dict({
      'reading': '992.7',
      'sensor_name': 'PRE(hPa)',
      'timestamp': datetime.datetime(2015, 12, 22, 0, 10),
    }),
    dict({
      'reading': '0.29',
      'sensor_name': 'RiNumber',
      'timestamp': datetime.datetime(2015, 12, 22, 0, 10),
    }),
    dict({
      'reading': '-0.09',
      'sensor_name': 'VertM(m/s)',
      'timestamp': datetime.datetime(2015, 12, 22, 0, 10),
    }),
  ])
# ---
